{
  "version": "1.5.0",
  "plugins_used": [
    {
      "name": "ArtifactoryDetector"
    },
    {
      "name": "AWSKeyDetector"
    },
    {
      "name": "AzureStorageKeyDetector"
    },
    {
      "name": "Base64HighEntropyString",
      "limit": 4.5
    },
    {
      "name": "BasicAuthDetector"
    },
    {
      "name": "CloudantDetector"
    },
    {
      "name": "DiscordBotTokenDetector"
    },
    {
      "name": "GitHubTokenDetector"
    },
    {
      "name": "HexHighEntropyString",
      "limit": 3.0
    },
    {
      "name": "IbmCloudIamDetector"
    },
    {
      "name": "IbmCosHmacDetector"
    },
    {
      "name": "JwtTokenDetector"
    },
    {
      "name": "KeywordDetector",
      "keyword_exclude": ""
    },
    {
      "name": "MailchimpDetector"
    },
    {
      "name": "NpmDetector"
    },
    {
      "name": "PrivateKeyDetector"
    },
    {
      "name": "SendGridDetector"
    },
    {
      "name": "SlackDetector"
    },
    {
      "name": "SoftlayerDetector"
    },
    {
      "name": "SquareOAuthDetector"
    },
    {
      "name": "StripeDetector"
    },
    {
      "name": "TwilioKeyDetector"
    }
  ],
  "filters_used": [
    {
      "path": "detect_secrets.filters.allowlist.is_line_allowlisted"
    },
    {
      "path": "detect_secrets.filters.common.is_baseline_file",
      "filename": ".secrets.baseline"
    },
    {
      "path": "detect_secrets.filters.common.is_ignored_due_to_verification_policies",
      "min_level": 2
    },
    {
      "path": "detect_secrets.filters.heuristic.is_indirect_reference"
    },
    {
      "path": "detect_secrets.filters.heuristic.is_likely_id_string"
    },
    {
      "path": "detect_secrets.filters.heuristic.is_lock_file"
    },
    {
      "path": "detect_secrets.filters.heuristic.is_not_alphanumeric_string"
    },
    {
      "path": "detect_secrets.filters.heuristic.is_potential_uuid"
    },
    {
      "path": "detect_secrets.filters.heuristic.is_prefixed_with_dollar_sign"
    },
    {
      "path": "detect_secrets.filters.heuristic.is_sequential_string"
    },
    {
      "path": "detect_secrets.filters.heuristic.is_swagger_file"
    },
    {
      "path": "detect_secrets.filters.heuristic.is_templated_secret"
    }
  ],
  "results": {
    ".github/workflows/terraform-aws-validate.yml": [
      {
        "type": "Secret Keyword",
        "filename": ".github/workflows/terraform-aws-validate.yml",
        "hashed_secret": "dc724af18fbdd4e59189f5fe768a5f8311527050",
        "is_verified": false,
        "line_number": 43
      }
    ],
    "docker-compose.yml": [
      {
        "type": "Secret Keyword",
        "filename": "docker-compose.yml",
        "hashed_secret": "5f721f3955995fda7f7a752f8be5dcf8f563ae4d",
        "is_verified": false,
        "line_number": 475
      },
      {
        "type": "Basic Auth Credentials",
        "filename": "docker-compose.yml",
        "hashed_secret": "5f721f3955995fda7f7a752f8be5dcf8f563ae4d",
        "is_verified": false,
        "line_number": 508
      },
      {
        "type": "Secret Keyword",
        "filename": "docker-compose.yml",
        "hashed_secret": "5f721f3955995fda7f7a752f8be5dcf8f563ae4d",
        "is_verified": false,
        "line_number": 467
      },
      {
        "type": "Basic Auth Credentials",
        "filename": "docker-compose.yml",
        "hashed_secret": "5f721f3955995fda7f7a752f8be5dcf8f563ae4d",
        "is_verified": false,
        "line_number": 500
      }
    ],
    "docs/api.md": [
      {
        "type": "Secret Keyword",
        "filename": "docs/api.md",
        "hashed_secret": "cb1f6c006f078a4138698c9c71b9433fc1a09381",
        "is_verified": false,
        "line_number": 1029
      },
      {
        "type": "Secret Keyword",
        "filename": "docs/api.md",
        "hashed_secret": "3d8f9fc30e07e66b3d577bb7e72330fc8c15fa05",
        "is_verified": false,
        "line_number": 1065
      },
      {
        "type": "Secret Keyword",
        "filename": "docs/api.md",
        "hashed_secret": "a9126057fb1026e954e8af0ba818c5dee904386e",
        "is_verified": false,
        "line_number": 1066
      },
      {
        "type": "Secret Keyword",
        "filename": "docs/api.md",
        "hashed_secret": "cb1f6c006f078a4138698c9c71b9433fc1a09381",
        "is_verified": false,
        "line_number": 1009
      },
      {
        "type": "Secret Keyword",
        "filename": "docs/api.md",
        "hashed_secret": "3d8f9fc30e07e66b3d577bb7e72330fc8c15fa05",
        "is_verified": false,
        "line_number": 1045
      },
      {
        "type": "Secret Keyword",
        "filename": "docs/api.md",
        "hashed_secret": "a9126057fb1026e954e8af0ba818c5dee904386e",
        "is_verified": false,
        "line_number": 1046
      }
    ],
    "k8s/configmap.yaml": [
      {
        "type": "Secret Keyword",
        "filename": "k8s/configmap.yaml",
        "hashed_secret": "e6c36fc6c513695547f1c55abb9257d0e0943189",
        "is_verified": false,
        "line_number": 7
      }
    ],
    "k8s/observability/grafana.yaml": [
      {
        "type": "Secret Keyword",
        "filename": "k8s/observability/grafana.yaml",
        "hashed_secret": "a712bc446fd08d8da0c0d37bef9b3bdb89357fed",
        "is_verified": false,
        "line_number": 106
      }
    ],
    "k8s/observability/secret.example.yaml": [
      {
        "type": "Secret Keyword",
        "filename": "k8s/observability/secret.example.yaml",
        "hashed_secret": "e8d4a2f731a2b37fcb169639d14ccb9350952d59",
        "is_verified": false,
        "line_number": 21
      },
      {
        "type": "Secret Keyword",
        "filename": "k8s/observability/secret.example.yaml",
        "hashed_secret": "5f721f3955995fda7f7a752f8be5dcf8f563ae4d",
        "is_verified": false,
        "line_number": 32
      },
      {
        "type": "Basic Auth Credentials",
        "filename": "k8s/observability/secret.example.yaml",
        "hashed_secret": "5f721f3955995fda7f7a752f8be5dcf8f563ae4d",
        "is_verified": false,
        "line_number": 36
      }
    ],
    "scripts/config-sync-smoke.py": [
      {
        "type": "Secret Keyword",
        "filename": "scripts/config-sync-smoke.py",
        "hashed_secret": "787af85a24c54d9c2122816998f95d18801282a0",
        "is_verified": false,
        "line_number": 54
      },
      {
        "type": "Secret Keyword",
        "filename": "scripts/config-sync-smoke.py",
        "hashed_secret": "bf0f83b2a19823803278ac945e01b7dc9e99b8b5",
        "is_verified": false,
        "line_number": 59
      }
    ],
    "scripts/host-relay-posture-smoke.py": [
      {
        "type": "Base64 High Entropy String",
        "filename": "scripts/host-relay-posture-smoke.py",
        "hashed_secret": "3a0ddbf06e7b198ae47c38bec5d8a8af4e463cfb",
        "is_verified": false,
        "line_number": 178
      }
    ],
    "scripts/restart-activation-smoke.py": [
      {
        "type": "Secret Keyword",
        "filename": "scripts/restart-activation-smoke.py",
        "hashed_secret": "c00dbbc9dadfbe1e232e93a729dd4752fade0abf",
        "is_verified": false,
        "line_number": 505
      },
      {
        "type": "Secret Keyword",
        "filename": "scripts/restart-activation-smoke.py",
        "hashed_secret": "c2a6b03f190dfb2b4aa91f8af8d477a9bc3401dc",
        "is_verified": false,
        "line_number": 507
      }
    ],
    "scripts/smoke-test.sh": [
      {
        "type": "Secret Keyword",
        "filename": "scripts/smoke-test.sh",
        "hashed_secret": "e8d4a2f731a2b37fcb169639d14ccb9350952d59",
        "is_verified": false,
        "line_number": 62
      }
    ],
    "src/nyxgpt/cloud_infra.py": [
      {
        "type": "Secret Keyword",
        "filename": "src/nyxgpt/cloud_infra.py",
        "hashed_secret": "dc724af18fbdd4e59189f5fe768a5f8311527050",
        "is_verified": false,
        "line_number": 128
      }
    ],
    "src/nyxgpt/cloud_secrets.py": [
      {
        "type": "Secret Keyword",
        "filename": "src/nyxgpt/cloud_secrets.py",
        "hashed_secret": "f9eeaf7fde1bdf57ddd6bafa735cea386cd3e36e",
        "is_verified": false,
        "line_number": 29
      }
    ],
    "src/nyxgpt/config.py": [
      {
        "type": "Basic Auth Credentials",
        "filename": "src/nyxgpt/config.py",
        "hashed_secret": "9d4e1e23bd5b727046a9e3b4b7db57bd8d6ee684",
        "is_verified": false,
        "line_number": 74
      }
    ],
    "src/nyxgpt/ops.py": [
      {
        "type": "Secret Keyword",
        "filename": "src/nyxgpt/ops.py",
        "hashed_secret": "e17e0a342205f3837c23f9e97c444c09c88c591d",
        "is_verified": false,
        "line_number": 13053
      },
      {
        "type": "Secret Keyword",
        "filename": "src/nyxgpt/ops.py",
        "hashed_secret": "e17e0a342205f3837c23f9e97c444c09c88c591d",
        "is_verified": false,
        "line_number": 13147
      }
    ],
    "terraform/terraform.tfvars.example": [
      {
        "type": "Secret Keyword",
        "filename": "terraform/terraform.tfvars.example",
        "hashed_secret": "25f6f10ef4f96665f8de3e08f7f858e4e23dedde",
        "is_verified": false,
        "line_number": 10
      }
    ],
    "tests/unit/test_admin_dashboard_endpoints.py": [
      {
        "type": "Secret Keyword",
        "filename": "tests/unit/test_admin_dashboard_endpoints.py",
        "hashed_secret": "d1f349bd09ed2edf59c919bc9d0da10701f10d31",
        "is_verified": false,
        "line_number": 119
      },
      {
        "type": "Secret Keyword",
        "filename": "tests/unit/test_admin_dashboard_endpoints.py",
        "hashed_secret": "6afc0c17c227f65ff5902894efd6dbab3f8d97e6",
        "is_verified": false,
        "line_number": 187
      },
      {
        "type": "Secret Keyword",
        "filename": "tests/unit/test_admin_dashboard_endpoints.py",
        "hashed_secret": "9b4cd28c8ecd18d533601bbb7d3345b9d007bd80",
        "is_verified": false,
        "line_number": 358
      }
    ],
    "tests/unit/test_app_startup_middleware.py": [
      {
        "type": "Secret Keyword",
        "filename": "tests/unit/test_app_startup_middleware.py",
        "hashed_secret": "a761ce3a45d97e41840a788495e85a70d1bb3815",
        "is_verified": false,
        "line_number": 536
      }
    ],
    "tests/unit/test_aws_credentials_setup.py": [
      {
        "type": "AWS Access Key",
        "filename": "tests/unit/test_aws_credentials_setup.py",
        "hashed_secret": "abac545fc3bf803134bc8f78fb6160a5c6a87b26",
        "is_verified": false,
        "line_number": 38
      },
      {
        "type": "Secret Keyword",
        "filename": "tests/unit/test_aws_credentials_setup.py",
        "hashed_secret": "25ab86bed149ca6ca9c1c0d5db7c9a91388ddeab",
        "is_verified": false,
        "line_number": 39
      },
      {
        "type": "Secret Keyword",
        "filename": "tests/unit/test_aws_credentials_setup.py",
        "hashed_secret": "a0f4ea7d91495df92bbac2e2149dfb850fe81396",
        "is_verified": false,
        "line_number": 145
      }
    ],
    "tests/unit/test_cli_rag_multi_model.py": [
      {
        "type": "Hex High Entropy String",
        "filename": "tests/unit/test_cli_rag_multi_model.py",
        "hashed_secret": "47784580758b20256793a484ce89c74d6724936c",
        "is_verified": false,
        "line_number": 275
      }
    ],
    "tests/unit/test_cloud_secrets.py": [
      {
        "type": "Secret Keyword",
        "filename": "tests/unit/test_cloud_secrets.py",
        "hashed_secret": "d147495e4a769272656161e29b08681e2ebc028d",
        "is_verified": false,
        "line_number": 86
      },
      {
        "type": "Secret Keyword",
        "filename": "tests/unit/test_cloud_secrets.py",
        "hashed_secret": "f403198d1c2c8c90bdc96e487c0bf4df1abff1e1",
        "is_verified": false,
        "line_number": 233
      }
    ],
    "tests/unit/test_cloud_smoke.py": [
      {
        "type": "Secret Keyword",
        "filename": "tests/unit/test_cloud_smoke.py",
        "hashed_secret": "dff6d4ff5dc357cf451d1855ab9cbda562645c9f",
        "is_verified": false,
        "line_number": 254
      },
      {
        "type": "Secret Keyword",
        "filename": "tests/unit/test_cloud_smoke.py",
        "hashed_secret": "a86ba37fa2d0f6fedf5030481a999133536f8bdd",
        "is_verified": false,
        "line_number": 261
      }
    ],
    "tests/unit/test_config.py": [
      {
        "type": "Basic Auth Credentials",
        "filename": "tests/unit/test_config.py",
        "hashed_secret": "25ab86bed149ca6ca9c1c0d5db7c9a91388ddeab",
        "is_verified": false,
        "line_number": 2547
      },
      {
        "type": "Secret Keyword",
        "filename": "tests/unit/test_config.py",
        "hashed_secret": "ef989d6e2b07920355f6422152fcef6ee421af67",
        "is_verified": false,
        "line_number": 2588
      },
      {
        "type": "Secret Keyword",
        "filename": "tests/unit/test_config.py",
        "hashed_secret": "420143bf28e6e69876468fde57dd5e30d1261bf6",
        "is_verified": false,
        "line_number": 2722
      },
      {
        "type": "Basic Auth Credentials",
        "filename": "tests/unit/test_config.py",
        "hashed_secret": "25ab86bed149ca6ca9c1c0d5db7c9a91388ddeab",
        "is_verified": false,
        "line_number": 2491
      },
      {
        "type": "Secret Keyword",
        "filename": "tests/unit/test_config.py",
        "hashed_secret": "ef989d6e2b07920355f6422152fcef6ee421af67",
        "is_verified": false,
        "line_number": 2532
      },
      {
        "type": "Secret Keyword",
        "filename": "tests/unit/test_config.py",
        "hashed_secret": "420143bf28e6e69876468fde57dd5e30d1261bf6",
        "is_verified": false,
        "line_number": 2666
      }
    ],
    "tests/unit/test_config_wizard.py": [
      {
        "type": "Secret Keyword",
        "filename": "tests/unit/test_config_wizard.py",
        "hashed_secret": "25ab86bed149ca6ca9c1c0d5db7c9a91388ddeab",
        "is_verified": false,
        "line_number": 159
      }
    ],
    "tests/unit/test_error_tracking.py": [
      {
        "type": "Basic Auth Credentials",
        "filename": "tests/unit/test_error_tracking.py",
        "hashed_secret": "e5e9fa1ba31ecd1ae84f75caaa474f3a663f05f4",
        "is_verified": false,
        "line_number": 258
      }
    ],
    "tests/unit/test_health.py": [
      {
        "type": "Secret Keyword",
        "filename": "tests/unit/test_health.py",
        "hashed_secret": "789cbe0407840b1c2041cb33452ff60f19bf58cc",
        "is_verified": false,
        "line_number": 244
      }
    ],
    "tests/unit/test_k8s_observability.py": [
      {
        "type": "Secret Keyword",
        "filename": "tests/unit/test_k8s_observability.py",
        "hashed_secret": "e8d4a2f731a2b37fcb169639d14ccb9350952d59",
        "is_verified": false,
        "line_number": 217
      },
      {
        "type": "Secret Keyword",
        "filename": "tests/unit/test_k8s_observability.py",
        "hashed_secret": "fef341f85d87439e7d91a2d465b9871ef66b5e98",
        "is_verified": false,
        "line_number": 220
      }
    ],
    "tests/unit/test_ops.py": [
      {
        "type": "Base64 High Entropy String",
        "filename": "tests/unit/test_ops.py",
        "hashed_secret": "e0ef645df834078b47371d43ff4d75c3787dc779",
        "is_verified": false,
        "line_number": 1345
      },
      {
        "type": "Base64 High Entropy String",
        "filename": "tests/unit/test_ops.py",
        "hashed_secret": "3a0ddbf06e7b198ae47c38bec5d8a8af4e463cfb",
        "is_verified": false,
        "line_number": 1363
      },
      {
        "type": "Secret Keyword",
        "filename": "tests/unit/test_ops.py",
        "hashed_secret": "f2ac855385c8bd428d3736989351631259a8236f",
        "is_verified": false,
        "line_number": 1796
      },
      {
        "type": "Secret Keyword",
        "filename": "tests/unit/test_ops.py",
        "hashed_secret": "92d61340371584156e74c456325081310bd079f8",
        "is_verified": false,
        "line_number": 1827
      },
      {
        "type": "Secret Keyword",
        "filename": "tests/unit/test_ops.py",
        "hashed_secret": "1628d36caca3add708294b81a337ba776652b13e",
        "is_verified": false,
        "line_number": 1852
      },
      {
        "type": "Base64 High Entropy String",
        "filename": "tests/unit/test_ops.py",
        "hashed_secret": "9a08cac00b6064aec5cff62ed9f4c4e6ab117d5c",
        "is_verified": false,
        "line_number": 1859
      },
      {
        "type": "Secret Keyword",
        "filename": "tests/unit/test_ops.py",
        "hashed_secret": "1fa31a5657849992dfb5aaa0e64f296bbbe2542c",
        "is_verified": false,
        "line_number": 1866
      },
      {
        "type": "Base64 High Entropy String",
        "filename": "tests/unit/test_ops.py",
        "hashed_secret": "e9eb90a30889d018700de34950e8fae1d1b5fb9a",
        "is_verified": false,
        "line_number": 1905
      },
      {
        "type": "Secret Keyword",
        "filename": "tests/unit/test_ops.py",
        "hashed_secret": "60d192b1bdaf7250f55d66e043fedab6e50a732f",
        "is_verified": false,
        "line_number": 1918
      },
      {
        "type": "Base64 High Entropy String",
        "filename": "tests/unit/test_ops.py",
        "hashed_secret": "46550399bb0a68974085fd8628796822fda22c7f",
        "is_verified": false,
        "line_number": 1931
      },
      {
        "type": "Secret Keyword",
        "filename": "tests/unit/test_ops.py",
        "hashed_secret": "3e0a8bb22343f7be841eccf92b55aa5ce9b4dee6",
        "is_verified": false,
        "line_number": 7095
      },
      {
        "type": "Secret Keyword",
        "filename": "tests/unit/test_ops.py",
        "hashed_secret": "024194d30673f88709b7c508dbc22d17951b05ab",
        "is_verified": false,
        "line_number": 7122
      },
      {
        "type": "Secret Keyword",
        "filename": "tests/unit/test_ops.py",
        "hashed_secret": "25ab86bed149ca6ca9c1c0d5db7c9a91388ddeab",
        "is_verified": false,
        "line_number": 9275
      },
      {
        "type": "Secret Keyword",
        "filename": "tests/unit/test_ops.py",
        "hashed_secret": "8276669029ebdae41cc9747c27870b45b547f5cf",
        "is_verified": false,
        "line_number": 9355
      }
    ],
    "tests/unit/test_ops_terraform_dev_mode.py": [
      {
        "type": "Secret Keyword",
        "filename": "tests/unit/test_ops_terraform_dev_mode.py",
        "hashed_secret": "a2b005fff8fe1f7897243e62be6388dc2d3da6f7",
        "is_verified": false,
        "line_number": 293
      },
      {
        "type": "Secret Keyword",
        "filename": "tests/unit/test_ops_terraform_dev_mode.py",
        "hashed_secret": "a474832c2e40fe0087da555ece6109f7a8a4a935",
        "is_verified": false,
        "line_number": 326
      },
      {
        "type": "Secret Keyword",
        "filename": "tests/unit/test_ops_terraform_dev_mode.py",
        "hashed_secret": "a2b005fff8fe1f7897243e62be6388dc2d3da6f7",
        "is_verified": false,
        "line_number": 354
      },
      {
        "type": "Secret Keyword",
        "filename": "tests/unit/test_ops_terraform_dev_mode.py",
        "hashed_secret": "a474832c2e40fe0087da555ece6109f7a8a4a935",
        "is_verified": false,
        "line_number": 387
      }
    ],
    "tests/unit/test_ops_verify.py": [
      {
        "type": "Secret Keyword",
        "filename": "tests/unit/test_ops_verify.py",
        "hashed_secret": "3acfb2c2b433c0ea7ff107e33df91b18e52f960f",
        "is_verified": false,
        "line_number": 26
      }
    ],
    "tests/unit/test_required_model_bootstrap.py": [
      {
        "type": "Base64 High Entropy String",
        "filename": "tests/unit/test_required_model_bootstrap.py",
        "hashed_secret": "2a347345f6dfc37f394000ebbf5a2b2b66dbabf2",
        "is_verified": false,
        "line_number": 480
      }
    ],
    "tests/unit/test_restart_activation.py": [
      {
        "type": "Secret Keyword",
        "filename": "tests/unit/test_restart_activation.py",
        "hashed_secret": "666c100dab549a6f56da7da546bd848ed5086541",
        "is_verified": false,
        "line_number": 220
      },
      {
        "type": "Secret Keyword",
        "filename": "tests/unit/test_restart_activation.py",
        "hashed_secret": "dd62b96abbf1ef2235b1585c08091d8c4aef5f4d",
        "is_verified": false,
        "line_number": 227
      },
      {
        "type": "Secret Keyword",
        "filename": "tests/unit/test_restart_activation.py",
        "hashed_secret": "1c2d8c2d09637774a014a331ebb8513e7d3821de",
        "is_verified": false,
        "line_number": 260
      },
      {
        "type": "Secret Keyword",
        "filename": "tests/unit/test_restart_activation.py",
        "hashed_secret": "46e41a2217695eef52e6c6db3e0e0554665db498",
        "is_verified": false,
        "line_number": 261
      },
      {
        "type": "Secret Keyword",
        "filename": "tests/unit/test_restart_activation.py",
        "hashed_secret": "c00dbbc9dadfbe1e232e93a729dd4752fade0abf",
        "is_verified": false,
        "line_number": 267
      },
      {
        "type": "Secret Keyword",
        "filename": "tests/unit/test_restart_activation.py",
        "hashed_secret": "80ddcbaddc153d0ceea8e1d0e3e24f62bb626cfc",
        "is_verified": false,
        "line_number": 307
      }
    ],
    "tests/unit/test_retry_budget.py": [
      {
        "type": "Hex High Entropy String",
        "filename": "tests/unit/test_retry_budget.py",
        "hashed_secret": "90bd1b48e958257948487b90bee080ba5ed00caa",
        "is_verified": false,
        "line_number": 75
      }
    ],
    "tests/unit/test_secrets_setup.py": [
      {
        "type": "Base64 High Entropy String",
        "filename": "tests/unit/test_secrets_setup.py",
        "hashed_secret": "baa90d727bfe1f7e8b05ac5ad1ce8e4717a3d325",
        "is_verified": false,
        "line_number": 71
      },
      {
        "type": "Secret Keyword",
        "filename": "tests/unit/test_secrets_setup.py",
        "hashed_secret": "ac0496f716f3d43757d81aaffa17e26abfc41bd5",
        "is_verified": false,
        "line_number": 145
      },
      {
        "type": "Secret Keyword",
        "filename": "tests/unit/test_secrets_setup.py",
        "hashed_secret": "7ce6ed3727ece51d2219f2bdc7f6db3594dc4d7f",
        "is_verified": false,
        "line_number": 338
      }
    ],
    "tests/unit/test_verify.py": [
      {
        "type": "Secret Keyword",
        "filename": "tests/unit/test_verify.py",
        "hashed_secret": "1a91d62f7ca67399625a4368a6ab5d4a3baa6073",
        "is_verified": false,
        "line_number": 390
      }
    ],
    "web/tests/app/admin.test.tsx": [
      {
        "type": "Secret Keyword",
        "filename": "web/tests/app/admin.test.tsx",
        "hashed_secret": "04a0e047642d71d83b45982ea1849ef890f748b2",
        "is_verified": false,
        "line_number": 1397
      },
      {
        "type": "Secret Keyword",
        "filename": "web/tests/app/admin.test.tsx",
        "hashed_secret": "c861cb16abb8ff4419eaec5987e514993b2c7c2f",
        "is_verified": false,
        "line_number": 2506
      },
      {
        "type": "Secret Keyword",
        "filename": "web/tests/app/admin.test.tsx",
        "hashed_secret": "9796877d12d6e568b7326d82af2f2e73836e3db8",
        "is_verified": false,
        "line_number": 2507
      }
    ],
    "web/tests/app/api/chat/stream/route.test.ts": [
      {
        "type": "Secret Keyword",
        "filename": "web/tests/app/api/chat/stream/route.test.ts",
        "hashed_secret": "dff6d4ff5dc357cf451d1855ab9cbda562645c9f",
        "is_verified": false,
        "line_number": 264
      }
    ],
    "web/tests/lib/apiProxy.test.ts": [
      {
        "type": "Secret Keyword",
        "filename": "web/tests/lib/apiProxy.test.ts",
        "hashed_secret": "dff6d4ff5dc357cf451d1855ab9cbda562645c9f",
        "is_verified": false,
        "line_number": 50
      }
    ],
    "web/tests/lib/logger.test.ts": [
      {
        "type": "Hex High Entropy String",
        "filename": "web/tests/lib/logger.test.ts",
        "hashed_secret": "0a24796d4c71ce722a92f450f69dc36c60b21de4",
        "is_verified": false,
        "line_number": 8
      },
      {
        "type": "Hex High Entropy String",
        "filename": "web/tests/lib/logger.test.ts",
        "hashed_secret": "8750a512f22c55598175aee8790ae2470ec88d16",
        "is_verified": false,
        "line_number": 9
      }
    ],
    "web/tests/lib/requestContext.test.ts": [
      {
        "type": "Hex High Entropy String",
        "filename": "web/tests/lib/requestContext.test.ts",
        "hashed_secret": "0a24796d4c71ce722a92f450f69dc36c60b21de4",
        "is_verified": false,
        "line_number": 5
      },
      {
        "type": "Hex High Entropy String",
        "filename": "web/tests/lib/requestContext.test.ts",
        "hashed_secret": "8750a512f22c55598175aee8790ae2470ec88d16",
        "is_verified": false,
        "line_number": 6
      }
    ],
    "web/tests/mocks/handlers.ts": [
      {
        "type": "Secret Keyword",
        "filename": "web/tests/mocks/handlers.ts",
        "hashed_secret": "90232da9460bfbeb103b967febd993eb745c5cd0",
        "is_verified": false,
        "line_number": 523
      },
      {
        "type": "Secret Keyword",
        "filename": "web/tests/mocks/handlers.ts",
        "hashed_secret": "8bd7af2753458cd7cf9813f6b9ed38fd20a48cc9",
        "is_verified": false,
        "line_number": 526
      }
    ]
  },
  "generated_at": "2026-08-22T20:55:08Z"
}
