{
  "version": "1.5.0",
  "plugins_used": [
    {
      "name": "ArtifactoryDetector"
    },
    {
      "name": "AWSKeyDetector"
    },
    {
      "name": "AzureStorageKeyDetector"
    },
    {
      "name": "Base64HighEntropyString",
      "limit": 4.5
    },
    {
      "name": "BasicAuthDetector"
    },
    {
      "name": "CloudantDetector"
    },
    {
      "name": "DiscordBotTokenDetector"
    },
    {
      "name": "GitHubTokenDetector"
    },
    {
      "name": "HexHighEntropyString",
      "limit": 3.0
    },
    {
      "name": "IbmCloudIamDetector"
    },
    {
      "name": "IbmCosHmacDetector"
    },
    {
      "name": "JwtTokenDetector"
    },
    {
      "name": "KeywordDetector",
      "keyword_exclude": ""
    },
    {
      "name": "MailchimpDetector"
    },
    {
      "name": "NpmDetector"
    },
    {
      "name": "PrivateKeyDetector"
    },
    {
      "name": "SendGridDetector"
    },
    {
      "name": "SlackDetector"
    },
    {
      "name": "SoftlayerDetector"
    },
    {
      "name": "SquareOAuthDetector"
    },
    {
      "name": "StripeDetector"
    },
    {
      "name": "TwilioKeyDetector"
    }
  ],
  "filters_used": [
    {
      "path": "detect_secrets.filters.allowlist.is_line_allowlisted"
    },
    {
      "path": "detect_secrets.filters.common.is_baseline_file",
      "filename": ".secrets.baseline"
    },
    {
      "path": "detect_secrets.filters.common.is_ignored_due_to_verification_policies",
      "min_level": 2
    },
    {
      "path": "detect_secrets.filters.heuristic.is_indirect_reference"
    },
    {
      "path": "detect_secrets.filters.heuristic.is_likely_id_string"
    },
    {
      "path": "detect_secrets.filters.heuristic.is_lock_file"
    },
    {
      "path": "detect_secrets.filters.heuristic.is_not_alphanumeric_string"
    },
    {
      "path": "detect_secrets.filters.heuristic.is_potential_uuid"
    },
    {
      "path": "detect_secrets.filters.heuristic.is_prefixed_with_dollar_sign"
    },
    {
      "path": "detect_secrets.filters.heuristic.is_sequential_string"
    },
    {
      "path": "detect_secrets.filters.heuristic.is_swagger_file"
    },
    {
      "path": "detect_secrets.filters.heuristic.is_templated_secret"
    }
  ],
  "results": {
    ".github/workflows/README-notification-workflows.md": [
      {
        "type": "Secret Keyword",
        "filename": ".github/workflows/README-notification-workflows.md",
        "hashed_secret": "4e68240a78fb16678df0f2ba0a0b627bd179cfa4",
        "is_verified": false,
        "line_number": 84
      }
    ],
    "docker-compose.yml": [
      {
        "type": "Secret Keyword",
        "filename": "docker-compose.yml",
        "hashed_secret": "5f721f3955995fda7f7a752f8be5dcf8f563ae4d",
        "is_verified": false,
        "line_number": 355
      },
      {
        "type": "Basic Auth Credentials",
        "filename": "docker-compose.yml",
        "hashed_secret": "5f721f3955995fda7f7a752f8be5dcf8f563ae4d",
        "is_verified": false,
        "line_number": 388
      }
    ],
    "docs/api.md": [
      {
        "type": "Secret Keyword",
        "filename": "docs/api.md",
        "hashed_secret": "cb1f6c006f078a4138698c9c71b9433fc1a09381",
        "is_verified": false,
        "line_number": 997
      },
      {
        "type": "Secret Keyword",
        "filename": "docs/api.md",
        "hashed_secret": "3d8f9fc30e07e66b3d577bb7e72330fc8c15fa05",
        "is_verified": false,
        "line_number": 1033
      },
      {
        "type": "Secret Keyword",
        "filename": "docs/api.md",
        "hashed_secret": "a9126057fb1026e954e8af0ba818c5dee904386e",
        "is_verified": false,
        "line_number": 1034
      }
    ],
    "k8s/configmap.yaml": [
      {
        "type": "Secret Keyword",
        "filename": "k8s/configmap.yaml",
        "hashed_secret": "0f10009202226d55e336a6f1b4f7e4a86ed61183",
        "is_verified": false,
        "line_number": 7
      }
    ],
    "scripts/smoke-test.sh": [
      {
        "type": "Secret Keyword",
        "filename": "scripts/smoke-test.sh",
        "hashed_secret": "e8d4a2f731a2b37fcb169639d14ccb9350952d59",
        "is_verified": false,
        "line_number": 62
      }
    ],
    "terraform/terraform.tfvars.example": [
      {
        "type": "Secret Keyword",
        "filename": "terraform/terraform.tfvars.example",
        "hashed_secret": "25f6f10ef4f96665f8de3e08f7f858e4e23dedde",
        "is_verified": false,
        "line_number": 5
      }
    ],
    "tests/unit/test_admin_dashboard_endpoints.py": [
      {
        "type": "Secret Keyword",
        "filename": "tests/unit/test_admin_dashboard_endpoints.py",
        "hashed_secret": "d1f349bd09ed2edf59c919bc9d0da10701f10d31",
        "is_verified": false,
        "line_number": 112
      },
      {
        "type": "Secret Keyword",
        "filename": "tests/unit/test_admin_dashboard_endpoints.py",
        "hashed_secret": "6afc0c17c227f65ff5902894efd6dbab3f8d97e6",
        "is_verified": false,
        "line_number": 180
      }
    ],
    "tests/unit/test_app_startup_middleware.py": [
      {
        "type": "Secret Keyword",
        "filename": "tests/unit/test_app_startup_middleware.py",
        "hashed_secret": "a761ce3a45d97e41840a788495e85a70d1bb3815",
        "is_verified": false,
        "line_number": 480
      }
    ],
    "tests/unit/test_cli_rag_multi_model.py": [
      {
        "type": "Hex High Entropy String",
        "filename": "tests/unit/test_cli_rag_multi_model.py",
        "hashed_secret": "47784580758b20256793a484ce89c74d6724936c",
        "is_verified": false,
        "line_number": 275
      }
    ],
    "tests/unit/test_config_wizard.py": [
      {
        "type": "Secret Keyword",
        "filename": "tests/unit/test_config_wizard.py",
        "hashed_secret": "25ab86bed149ca6ca9c1c0d5db7c9a91388ddeab",
        "is_verified": false,
        "line_number": 129
      }
    ],
    "tests/unit/test_error_tracking.py": [
      {
        "type": "Basic Auth Credentials",
        "filename": "tests/unit/test_error_tracking.py",
        "hashed_secret": "e5e9fa1ba31ecd1ae84f75caaa474f3a663f05f4",
        "is_verified": false,
        "line_number": 173
      }
    ],
    "tests/unit/test_ops.py": [
      {
        "type": "Secret Keyword",
        "filename": "tests/unit/test_ops.py",
        "hashed_secret": "f2ac855385c8bd428d3736989351631259a8236f",
        "is_verified": false,
        "line_number": 1057
      },
      {
        "type": "Secret Keyword",
        "filename": "tests/unit/test_ops.py",
        "hashed_secret": "92d61340371584156e74c456325081310bd079f8",
        "is_verified": false,
        "line_number": 1089
      },
      {
        "type": "Secret Keyword",
        "filename": "tests/unit/test_ops.py",
        "hashed_secret": "1628d36caca3add708294b81a337ba776652b13e",
        "is_verified": false,
        "line_number": 1115
      },
      {
        "type": "Base64 High Entropy String",
        "filename": "tests/unit/test_ops.py",
        "hashed_secret": "9a08cac00b6064aec5cff62ed9f4c4e6ab117d5c",
        "is_verified": false,
        "line_number": 1122
      },
      {
        "type": "Secret Keyword",
        "filename": "tests/unit/test_ops.py",
        "hashed_secret": "1fa31a5657849992dfb5aaa0e64f296bbbe2542c",
        "is_verified": false,
        "line_number": 1129
      },
      {
        "type": "Secret Keyword",
        "filename": "tests/unit/test_ops.py",
        "hashed_secret": "25ab86bed149ca6ca9c1c0d5db7c9a91388ddeab",
        "is_verified": false,
        "line_number": 5443
      }
    ],
    "web/tests/app/admin.test.tsx": [
      {
        "type": "Secret Keyword",
        "filename": "web/tests/app/admin.test.tsx",
        "hashed_secret": "04a0e047642d71d83b45982ea1849ef890f748b2",
        "is_verified": false,
        "line_number": 1397
      },
      {
        "type": "Secret Keyword",
        "filename": "web/tests/app/admin.test.tsx",
        "hashed_secret": "c861cb16abb8ff4419eaec5987e514993b2c7c2f",
        "is_verified": false,
        "line_number": 2351
      },
      {
        "type": "Secret Keyword",
        "filename": "web/tests/app/admin.test.tsx",
        "hashed_secret": "9796877d12d6e568b7326d82af2f2e73836e3db8",
        "is_verified": false,
        "line_number": 2352
      }
    ],
    "web/tests/lib/apiProxy.test.ts": [
      {
        "type": "Secret Keyword",
        "filename": "web/tests/lib/apiProxy.test.ts",
        "hashed_secret": "dff6d4ff5dc357cf451d1855ab9cbda562645c9f",
        "is_verified": false,
        "line_number": 50
      }
    ],
    "web/tests/mocks/handlers.ts": [
      {
        "type": "Secret Keyword",
        "filename": "web/tests/mocks/handlers.ts",
        "hashed_secret": "90232da9460bfbeb103b967febd993eb745c5cd0",
        "is_verified": false,
        "line_number": 419
      },
      {
        "type": "Secret Keyword",
        "filename": "web/tests/mocks/handlers.ts",
        "hashed_secret": "8bd7af2753458cd7cf9813f6b9ed38fd20a48cc9",
        "is_verified": false,
        "line_number": 422
      }
    ]
  },
  "generated_at": "2026-08-19T16:41:46Z"
}
