{
  "version": "1.5.0",
  "plugins_used": [
    {
      "name": "ArtifactoryDetector"
    },
    {
      "name": "AWSKeyDetector"
    },
    {
      "name": "AzureStorageKeyDetector"
    },
    {
      "name": "Base64HighEntropyString",
      "limit": 4.5
    },
    {
      "name": "BasicAuthDetector"
    },
    {
      "name": "CloudantDetector"
    },
    {
      "name": "DiscordBotTokenDetector"
    },
    {
      "name": "GitHubTokenDetector"
    },
    {
      "name": "HexHighEntropyString",
      "limit": 3.0
    },
    {
      "name": "IbmCloudIamDetector"
    },
    {
      "name": "IbmCosHmacDetector"
    },
    {
      "name": "JwtTokenDetector"
    },
    {
      "name": "KeywordDetector",
      "keyword_exclude": ""
    },
    {
      "name": "MailchimpDetector"
    },
    {
      "name": "NpmDetector"
    },
    {
      "name": "PrivateKeyDetector"
    },
    {
      "name": "SendGridDetector"
    },
    {
      "name": "SlackDetector"
    },
    {
      "name": "SoftlayerDetector"
    },
    {
      "name": "SquareOAuthDetector"
    },
    {
      "name": "StripeDetector"
    },
    {
      "name": "TwilioKeyDetector"
    }
  ],
  "filters_used": [
    {
      "path": "detect_secrets.filters.allowlist.is_line_allowlisted"
    },
    {
      "path": "detect_secrets.filters.common.is_baseline_file",
      "filename": ".secrets.baseline"
    },
    {
      "path": "detect_secrets.filters.common.is_ignored_due_to_verification_policies",
      "min_level": 2
    },
    {
      "path": "detect_secrets.filters.heuristic.is_indirect_reference"
    },
    {
      "path": "detect_secrets.filters.heuristic.is_likely_id_string"
    },
    {
      "path": "detect_secrets.filters.heuristic.is_lock_file"
    },
    {
      "path": "detect_secrets.filters.heuristic.is_not_alphanumeric_string"
    },
    {
      "path": "detect_secrets.filters.heuristic.is_potential_uuid"
    },
    {
      "path": "detect_secrets.filters.heuristic.is_prefixed_with_dollar_sign"
    },
    {
      "path": "detect_secrets.filters.heuristic.is_sequential_string"
    },
    {
      "path": "detect_secrets.filters.heuristic.is_swagger_file"
    },
    {
      "path": "detect_secrets.filters.heuristic.is_templated_secret"
    }
  ],
  "results": {
    ".github/workflows/terraform-aws-validate.yml": [
      {
        "type": "Secret Keyword",
        "filename": ".github/workflows/terraform-aws-validate.yml",
        "hashed_secret": "dc724af18fbdd4e59189f5fe768a5f8311527050",
        "is_verified": false,
        "line_number": 43
      }
    ],
    "docker-compose.yml": [
      {
        "type": "Secret Keyword",
        "filename": "docker-compose.yml",
        "hashed_secret": "5f721f3955995fda7f7a752f8be5dcf8f563ae4d",
        "is_verified": false,
        "line_number": 475
      },
      {
        "type": "Basic Auth Credentials",
        "filename": "docker-compose.yml",
        "hashed_secret": "5f721f3955995fda7f7a752f8be5dcf8f563ae4d",
        "is_verified": false,
        "line_number": 508
      }
    ],
    "docs/api.md": [
      {
        "type": "Secret Keyword",
        "filename": "docs/api.md",
        "hashed_secret": "cb1f6c006f078a4138698c9c71b9433fc1a09381",
        "is_verified": false,
        "line_number": 1060
      },
      {
        "type": "Secret Keyword",
        "filename": "docs/api.md",
        "hashed_secret": "3d8f9fc30e07e66b3d577bb7e72330fc8c15fa05",
        "is_verified": false,
        "line_number": 1096
      },
      {
        "type": "Secret Keyword",
        "filename": "docs/api.md",
        "hashed_secret": "a9126057fb1026e954e8af0ba818c5dee904386e",
        "is_verified": false,
        "line_number": 1097
      }
    ],
    "k8s/configmap.yaml": [
      {
        "type": "Secret Keyword",
        "filename": "k8s/configmap.yaml",
        "hashed_secret": "e6c36fc6c513695547f1c55abb9257d0e0943189",
        "is_verified": false,
        "line_number": 7
      }
    ],
    "k8s/observability/grafana.yaml": [
      {
        "type": "Secret Keyword",
        "filename": "k8s/observability/grafana.yaml",
        "hashed_secret": "a712bc446fd08d8da0c0d37bef9b3bdb89357fed",
        "is_verified": false,
        "line_number": 106
      }
    ],
    "k8s/observability/secret.example.yaml": [
      {
        "type": "Secret Keyword",
        "filename": "k8s/observability/secret.example.yaml",
        "hashed_secret": "e8d4a2f731a2b37fcb169639d14ccb9350952d59",
        "is_verified": false,
        "line_number": 21
      },
      {
        "type": "Secret Keyword",
        "filename": "k8s/observability/secret.example.yaml",
        "hashed_secret": "5f721f3955995fda7f7a752f8be5dcf8f563ae4d",
        "is_verified": false,
        "line_number": 32
      },
      {
        "type": "Basic Auth Credentials",
        "filename": "k8s/observability/secret.example.yaml",
        "hashed_secret": "5f721f3955995fda7f7a752f8be5dcf8f563ae4d",
        "is_verified": false,
        "line_number": 36
      }
    ],
    "scripts/config-sync-smoke.py": [
      {
        "type": "Secret Keyword",
        "filename": "scripts/config-sync-smoke.py",
        "hashed_secret": "787af85a24c54d9c2122816998f95d18801282a0",
        "is_verified": false,
        "line_number": 54
      },
      {
        "type": "Secret Keyword",
        "filename": "scripts/config-sync-smoke.py",
        "hashed_secret": "bf0f83b2a19823803278ac945e01b7dc9e99b8b5",
        "is_verified": false,
        "line_number": 59
      }
    ],
    "scripts/host-relay-posture-smoke.py": [
      {
        "type": "Base64 High Entropy String",
        "filename": "scripts/host-relay-posture-smoke.py",
        "hashed_secret": "3a0ddbf06e7b198ae47c38bec5d8a8af4e463cfb",
        "is_verified": false,
        "line_number": 178
      }
    ],
    "scripts/restart-activation-smoke.py": [
      {
        "type": "Secret Keyword",
        "filename": "scripts/restart-activation-smoke.py",
        "hashed_secret": "c00dbbc9dadfbe1e232e93a729dd4752fade0abf",
        "is_verified": false,
        "line_number": 544
      },
      {
        "type": "Secret Keyword",
        "filename": "scripts/restart-activation-smoke.py",
        "hashed_secret": "c2a6b03f190dfb2b4aa91f8af8d477a9bc3401dc",
        "is_verified": false,
        "line_number": 546
      }
    ],
    "scripts/smoke-test.sh": [
      {
        "type": "Secret Keyword",
        "filename": "scripts/smoke-test.sh",
        "hashed_secret": "e8d4a2f731a2b37fcb169639d14ccb9350952d59",
        "is_verified": false,
        "line_number": 62
      }
    ],
    "src/nyxgpt/cloud_infra.py": [
      {
        "type": "Secret Keyword",
        "filename": "src/nyxgpt/cloud_infra.py",
        "hashed_secret": "dc724af18fbdd4e59189f5fe768a5f8311527050",
        "is_verified": false,
        "line_number": 128
      }
    ],
    "src/nyxgpt/cloud_secrets.py": [
      {
        "type": "Secret Keyword",
        "filename": "src/nyxgpt/cloud_secrets.py",
        "hashed_secret": "f9eeaf7fde1bdf57ddd6bafa735cea386cd3e36e",
        "is_verified": false,
        "line_number": 29
      }
    ],
    "src/nyxgpt/config.py": [
      {
        "type": "Basic Auth Credentials",
        "filename": "src/nyxgpt/config.py",
        "hashed_secret": "9d4e1e23bd5b727046a9e3b4b7db57bd8d6ee684",
        "is_verified": false,
        "line_number": 76
      }
    ],
    "src/nyxgpt/ops.py": [
      {
        "type": "Secret Keyword",
        "filename": "src/nyxgpt/ops.py",
        "hashed_secret": "e17e0a342205f3837c23f9e97c444c09c88c591d",
        "is_verified": false,
        "line_number": 17125
      }
    ],
    "terraform/terraform.tfvars.example": [
      {
        "type": "Secret Keyword",
        "filename": "terraform/terraform.tfvars.example",
        "hashed_secret": "25f6f10ef4f96665f8de3e08f7f858e4e23dedde",
        "is_verified": false,
        "line_number": 10
      }
    ]
  },
  "generated_at": "2026-10-02T11:43:10Z"
}
